// Jest Snapshot v1, https://goo.gl/fbAQLP

exports[`#HomeView displays correctly 1`] = `
<div
  className="sc-bdfBwQ dMyNWP"
>
  <h2
    className="sc-gsTCUz cqjpmL"
  >
    Welcome to the Challenge!
  </h2>
  <div
    className="sc-dlfnbm jZPfxl"
  />
</div>
`;
