// Jest Snapshot v1, https://goo.gl/fbAQLP

exports[`#App displays correctly 1`] = `
<main
  className="container"
>
  <section
    className="homepage"
  >
    <div
      className="sc-gKsewC iWZxLL"
    >
      <div
        className="sc-fKFyDc jbTRTv"
      >
        <div
          className="sc-bBXqnf hwRJGz"
          onClick={[Function]}
        >
          Home
        </div>
      </div>
      <button
        className="sc-iBPRYJ jafISj"
        data-testid="hamburger-button"
        onClick={[Function]}
        type="submit"
      >
        <svg
          aria-hidden="true"
          className="svg-inline--fa fa-bars fa-w-14 fa-lg "
          data-icon="bars"
          data-prefix="fas"
          focusable="false"
          role="img"
          style={Object {}}
          viewBox="0 0 448 512"
          xmlns="http://www.w3.org/2000/svg"
        >
          <path
            d="M16 132h416c8.837 0 16-7.163 16-16V76c0-8.837-7.163-16-16-16H16C7.163 60 0 67.163 0 76v40c0 8.837 7.163 16 16 16zm0 160h416c8.837 0 16-7.163 16-16v-40c0-8.837-7.163-16-16-16H16c-8.837 0-16 7.163-16 16v40c0 8.837 7.163 16 16 16zm0 160h416c8.837 0 16-7.163 16-16v-40c0-8.837-7.163-16-16-16H16c-8.837 0-16 7.163-16 16v40c0 8.837 7.163 16 16 16z"
            fill="currentColor"
            style={Object {}}
          />
        </svg>
      </button>
      <div
        className="sc-pFZIQ gUUtpp"
      >
        <div
          className="sc-jrAGrp ddQEJP"
        >
          <svg
            aria-hidden="true"
            className="svg-inline--fa fa-search fa-w-16 "
            data-icon="search"
            data-prefix="fas"
            focusable="false"
            role="img"
            style={Object {}}
            viewBox="0 0 512 512"
            xmlns="http://www.w3.org/2000/svg"
          >
            <path
              d="M505 442.7L405.3 343c-4.5-4.5-10.6-7-17-7H372c27.6-35.3 44-79.7 44-128C416 93.1 322.9 0 208 0S0 93.1 0 208s93.1 208 208 208c48.3 0 92.7-16.4 128-44v16.3c0 6.4 2.5 12.5 7 17l99.7 99.7c9.4 9.4 24.6 9.4 33.9 0l28.3-28.3c9.4-9.4 9.4-24.6.1-34zM208 336c-70.7 0-128-57.2-128-128 0-70.7 57.2-128 128-128 70.7 0 128 57.2 128 128 0 70.7-57.2 128-128 128z"
              fill="currentColor"
              style={Object {}}
            />
          </svg>
        </div>
        <input
          className="sc-kEjbxe llCfFp"
          onKeyDown={[Function]}
          placeholder="Search..."
        />
      </div>
      <div
        className="sc-fubCfw dyvmwL"
      >
        <button
          className="sc-kfzAmx kjpkuq"
        >
          <div
            style={
              Object {
                "MozTransition": "opacity 0.25s",
                "MozUserSelect": "none",
                "WebkitTapHighlightColor": "rgba(0, 0, 0, 0)",
                "WebkitTransition": "opacity 0.25s",
                "WebkitUserSelect": "none",
                "borderRadius": 10,
                "direction": "ltr",
                "display": "inline-block",
                "msUserSelect": "none",
                "opacity": 1,
                "position": "relative",
                "textAlign": "left",
                "touchAction": "none",
                "transition": "opacity 0.25s",
                "userSelect": "none",
              }
            }
          >
            <div
              className="react-switch-bg"
              onClick={[Function]}
              onMouseDown={[Function]}
              style={
                Object {
                  "MozTransition": "background 0.25s",
                  "WebkitTransition": "background 0.25s",
                  "background": "#888888",
                  "borderRadius": 10,
                  "cursor": "pointer",
                  "height": 20,
                  "margin": 5,
                  "position": "relative",
                  "transition": "background 0.25s",
                  "width": 48,
                }
              }
            />
            <div
              className="react-switch-handle"
              onClick={[Function]}
              onMouseDown={[Function]}
              onTouchCancel={[Function]}
              onTouchEnd={[Function]}
              onTouchMove={[Function]}
              onTouchStart={[Function]}
              style={
                Object {
                  "MozTransition": "background-color 0.25s, transform 0.25s, box-shadow 0.15s",
                  "WebkitTransition": "background-color 0.25s, transform 0.25s, box-shadow 0.15s",
                  "background": "#ffffff",
                  "border": 0,
                  "borderRadius": "50%",
                  "boxShadow": null,
                  "cursor": "pointer",
                  "display": "inline-block",
                  "height": 30,
                  "outline": 0,
                  "position": "absolute",
                  "top": 0,
                  "transform": "translateX(0px)",
                  "transition": "background-color 0.25s, transform 0.25s, box-shadow 0.15s",
                  "width": 30,
                }
              }
            />
            <input
              aria-checked={false}
              checked={false}
              disabled={false}
              onBlur={[Function]}
              onChange={[Function]}
              onFocus={[Function]}
              onKeyUp={[Function]}
              role="switch"
              style={
                Object {
                  "border": 0,
                  "clip": "rect(0 0 0 0)",
                  "height": 1,
                  "margin": -1,
                  "overflow": "hidden",
                  "padding": 0,
                  "position": "absolute",
                  "width": 1,
                }
              }
              type="checkbox"
            />
          </div>
          Dark mode
        </button>
        <div
          className="sc-iqHYGH"
        >
          <div
            className="sc-bqyKva doegws"
          >
            <div
              className="sc-kstrdz khQYEB"
            >
              Login
              <div
                className="sc-hBEYos bbZwwq"
              >
                <svg
                  aria-hidden="true"
                  className="svg-inline--fa fa-exclamation-circle fa-w-16 "
                  data-icon="exclamation-circle"
                  data-prefix="fas"
                  focusable="false"
                  role="img"
                  style={Object {}}
                  viewBox="0 0 512 512"
                  xmlns="http://www.w3.org/2000/svg"
                >
                  <path
                    d="M504 256c0 136.997-111.043 248-248 248S8 392.997 8 256C8 119.083 119.043 8 256 8s248 111.083 248 248zm-248 50c-25.405 0-46 20.595-46 46s20.595 46 46 46 46-20.595 46-46-20.595-46-46-46zm-43.673-165.346l7.418 136c.347 6.364 5.609 11.346 11.982 11.346h48.546c6.373 0 11.635-4.982 11.982-11.346l7.418-136c.375-6.874-5.098-12.654-11.982-12.654h-63.383c-6.884 0-12.356 5.78-11.981 12.654z"
                    fill="currentColor"
                    style={Object {}}
                  />
                </svg>
                Invalid username and/or password
              </div>
              <form
                className="sc-fodVxV hWCPfp"
                onSubmit={[Function]}
              >
                <div
                  className="sc-fFubgz cMRqdd"
                >
                  <label
                    className="sc-bkzZxe"
                    htmlFor="username"
                  >
                    <strong
                      className="sc-idOhPF lcQrvc"
                    >
                      username 
                    </strong>
                    <input
                      className="sc-dIUggk QKkEL"
                      id="username"
                      onChange={[Function]}
                      required={true}
                      type="text"
                      value=""
                    />
                  </label>
                </div>
                <div
                  className="sc-fFubgz cMRqdd"
                >
                  <label
                    className="sc-bkzZxe"
                    htmlFor="password"
                  >
                    <strong
                      className="sc-idOhPF lcQrvc"
                    >
                      password 
                    </strong>
                    <input
                      className="sc-dIUggk QKkEL"
                      id="password"
                      onChange={[Function]}
                      required={true}
                      type="password"
                      value=""
                    />
                  </label>
                </div>
                <div
                  className="sc-hHftDr"
                >
                  <button
                    className="sc-dmlrTW bQaKaf"
                    onClick={[Function]}
                    type="button"
                  >
                    CANCEL
                  </button>
                  <button
                    className="sc-dmlrTW bQaKaf"
                    type="submit"
                  >
                    LOGIN
                  </button>
                </div>
              </form>
            </div>
          </div>
          <button
            className="sc-crrsfI iVpMzF"
          >
            <svg
              aria-hidden="true"
              className="svg-inline--fa fa-user-circle fa-w-16 fa-2x "
              data-icon="user-circle"
              data-prefix="fas"
              data-testid="profile-icon"
              focusable="false"
              onClick={[Function]}
              role="img"
              style={Object {}}
              viewBox="0 0 496 512"
              xmlns="http://www.w3.org/2000/svg"
            >
              <path
                d="M248 8C111 8 0 119 0 256s111 248 248 248 248-111 248-248S385 8 248 8zm0 96c48.6 0 88 39.4 88 88s-39.4 88-88 88-88-39.4-88-88 39.4-88 88-88zm0 344c-58.7 0-111.3-26.6-146.5-68.2 18.8-35.4 55.6-59.8 98.5-59.8 2.4 0 4.8.4 7.1 1.1 13 4.2 26.6 6.9 40.9 6.9 14.3 0 28-2.7 40.9-6.9 2.3-.7 4.7-1.1 7.1-1.1 42.9 0 79.7 24.4 98.5 59.8C359.3 421.4 306.7 448 248 448z"
                fill="currentColor"
                style={Object {}}
              />
            </svg>
          </button>
        </div>
      </div>
    </div>
    <div
      className="sc-iwyYcG iLzBqg"
    >
      <h2
        className="sc-cxFLnm HOHXx"
      >
        Welcome to the Challenge!
      </h2>
      <div
        className="sc-lmoMRL eFKTlj"
      />
    </div>
  </section>
</main>
`;
