// Jest Snapshot v1, https://goo.gl/fbAQLP

exports[`#LoginModal displays correctly 1`] = `
<div
  className="sc-bdfBwQ laJPru"
>
  <div
    className="sc-gsTCUz hmDnLl"
  >
    Login
    <div
      className="sc-dlfnbm hBmNZb"
    >
      <svg
        aria-hidden="true"
        className="svg-inline--fa fa-exclamation-circle fa-w-16 "
        data-icon="exclamation-circle"
        data-prefix="fas"
        focusable="false"
        role="img"
        style={Object {}}
        viewBox="0 0 512 512"
        xmlns="http://www.w3.org/2000/svg"
      >
        <path
          d="M504 256c0 136.997-111.043 248-248 248S8 392.997 8 256C8 119.083 119.043 8 256 8s248 111.083 248 248zm-248 50c-25.405 0-46 20.595-46 46s20.595 46 46 46 46-20.595 46-46-20.595-46-46-46zm-43.673-165.346l7.418 136c.347 6.364 5.609 11.346 11.982 11.346h48.546c6.373 0 11.635-4.982 11.982-11.346l7.418-136c.375-6.874-5.098-12.654-11.982-12.654h-63.383c-6.884 0-12.356 5.78-11.981 12.654z"
          fill="currentColor"
          style={Object {}}
        />
      </svg>
      Invalid username and/or password
    </div>
    <form
      className="sc-hKgILt kmZCdh"
      onSubmit={[Function]}
    >
      <div
        className="sc-eCssSg hiLOPZ"
      >
        <label
          className="sc-jSgupP"
          htmlFor="username"
        >
          <strong
            className="sc-gKsewC kYYzDq"
          >
            username 
          </strong>
          <input
            className="sc-iBPRYJ dHHbIC"
            id="username"
            onChange={[Function]}
            required={true}
            type="text"
            value=""
          />
        </label>
      </div>
      <div
        className="sc-eCssSg hiLOPZ"
      >
        <label
          className="sc-jSgupP"
          htmlFor="password"
        >
          <strong
            className="sc-gKsewC kYYzDq"
          >
            password 
          </strong>
          <input
            className="sc-iBPRYJ dHHbIC"
            id="password"
            onChange={[Function]}
            required={true}
            type="password"
            value=""
          />
        </label>
      </div>
      <div
        className="sc-fubCfw"
      >
        <button
          className="sc-pFZIQ kKCbVj"
          onClick={[Function]}
          type="button"
        >
          CANCEL
        </button>
        <button
          className="sc-pFZIQ kKCbVj"
          type="submit"
        >
          LOGIN
        </button>
      </div>
    </form>
  </div>
</div>
`;
